[2026-06-19 10:27:13,853]:DEBUG: Command: jube run benchmark_jupiter.xml
[2026-06-19 10:27:13,853]:DEBUG: Version: 2.7.1
[2026-06-19 10:27:13,853]:DEBUG: Parsing benchmark_jupiter.xml
[2026-06-19 10:27:13,854]:DEBUG:   --> Preprocess run 1 <--
[2026-06-19 10:27:13,854]:DEBUG:   Remove invalid tags
[2026-06-19 10:27:13,854]:DEBUG:     Available tags: 
[2026-06-19 10:27:13,854]:DEBUG:   Remove invalid tags
[2026-06-19 10:27:13,854]:DEBUG:     Available tags: 
[2026-06-19 10:27:13,854]:DEBUG:   Read $JUBE_INCLUDE_PATH
[2026-06-19 10:27:13,854]:DEBUG:   Preprocess xml tree
[2026-06-19 10:27:13,854]:DEBUG:     path: /e/software/default/stages/2026/software/JUBE/2.7.1-GCCcore-14.3.0/share/jube/platform/slurm
[2026-06-19 10:27:13,854]:DEBUG:     path: .
[2026-06-19 10:27:13,854]:DEBUG:   No preprocessing changes were detected, stop additional include-preprocess runs.
[2026-06-19 10:27:13,854]:DEBUG:   Remove invalid tags
[2026-06-19 10:27:13,854]:DEBUG:     Available tags: 
[2026-06-19 10:27:13,854]:DEBUG:   Preprocess done
[2026-06-19 10:27:13,854]:DEBUG:   Preprocess benchmark xml tree
[2026-06-19 10:27:13,854]:DEBUG:   Parsing <parameterset name="system_params">
[2026-06-19 10:27:13,854]:DEBUG:   Parsing <parameterset name="lib_params">
[2026-06-19 10:27:13,854]:DEBUG:   Parsing <substituteset name="slurm_substitute">
[2026-06-19 10:27:13,854]:DEBUG:   Parsing <fileset name="files">
[2026-06-19 10:27:13,854]:DEBUG:   Parsing <step name="exec_step">
[2026-06-19 10:27:13,855]:DEBUG: Start consistency check
[2026-06-19 10:27:13,855]:DEBUG: Create benchmark directory
